
> bildyapp-api@1.0.0 test
> cross-env NODE_ENV=test node --experimental-vm-modules node_modules/jest/bin/jest.js --forceExit --detectOpenHandles

node.exe : (node:19208) ExperimentalWarning: VM Modules is an experimental feature and might change at any time
At line:1 char:1
+ & "C:\nvm4w\nodejs/node.exe" "C:\nvm4w\nodejs/node_modules/npm/bin/np ...
+ ~~~~~~~~~~~~~~~~~~~~~~~~~~~~~~~~~~~~~~~~~~~~~~~~~~~~~~~~~~~~~~~~~~~~~
    + CategoryInfo          : NotSpecified: ((node:19208) Ex...nge at any time:String) [], RemoteException
    + FullyQualifiedErrorId : NativeCommandError
 
(Use `node --trace-warnings ...` to show where the warning was created)
  console.warn
    Starting the MongoMemoryServer Instance failed, enable debug log for more information. Error:
     Md5CheckFailedError: MD5 check failed! Binary MD5 is "81235ec580eb045c1a4da48facdead88", Checkfile MD5 is "6a3bced8be85ff5f061cf8598381d34b"
        at MongoBinaryDownload.makeMD5check (C:\Users\Dmitrii\Documents\Prog-Web-Server\final-proyecto\node_modules\mongodb-memory-server-core\src\util\MongoBinaryDownload.ts:182:13)
        at MongoBinaryDownload.startDownload (C:\Users\Dmitrii\Documents\Prog-Web-Server\final-proyecto\node_modules\mongodb-memory-server-core\src\util\MongoBinaryDownload.ts:148:5)
        at MongoBinaryDownload.getMongodPath (C:\Users\Dmitrii\Documents\Prog-Web-Server\final-proyecto\node_modules\mongodb-memory-server-core\src\util\MongoBinaryDownload.ts:113:28)
        at Function.download (C:\Users\Dmitrii\Documents\Prog-Web-Server\final-proyecto\node_modules\mongodb-memory-server-core\src\util\MongoBinary.ts:47:49)
        at Function.getPath (C:\Users\Dmitrii\Documents\Prog-Web-Server\final-proyecto\node_modules\mongodb-memory-server-core\src\util\MongoBinary.ts:132:22)
        at MongoInstance.start (C:\Users\Dmitrii\Documents\Prog-Web-Server\final-proyecto\node_modules\mongodb-memory-server-core\src\util\MongoInstance.ts:366:22)
        at Function.create (C:\Users\Dmitrii\Documents\Prog-Web-Server\final-proyecto\node_modules\mongodb-memory-server-core\src\util\MongoInstance.ts:294:5)
        at MongoMemoryServer._startUpInstance (C:\Users\Dmitrii\Documents\Prog-Web-Server\final-proyecto\node_modules\mongodb-memory-server-core\src\MongoMemoryServer.ts:530:22)
        at MongoMemoryServer.start (C:\Users\Dmitrii\Documents\Prog-Web-Server\final-proyecto\node_modules\mongodb-memory-server-core\src\MongoMemoryServer.ts:350:5)
        at Function.create (C:\Users\Dmitrii\Documents\Prog-Web-Server\final-proyecto\node_modules\mongodb-memory-server-core\src\MongoMemoryServer.ts:317:5)
        at Object.<anonymous> (C:\Users\Dmitrii\Documents\Prog-Web-Server\final-proyecto\tests\setup.js:7:11) {
      binarymd5: '81235ec580eb045c1a4da48facdead88',
      checkfilemd5: '6a3bced8be85ff5f061cf8598381d34b'
    }

    [0m [90m  5 |[39m
     [90m  6 |[39m beforeAll([36masync[39m () [33m=>[39m {
    [31m[1m>[22m[39m[90m  7 |[39m   mongo [33m=[39m [36mawait[39m [33mMongoMemoryServer[39m[33m.[39mcreate()[33m;[39m
     [90m    |[39m           [31m[1m^[22m[39m
     [90m  8 |[39m   [36mconst[39m uri [33m=[39m mongo[33m.[39mgetUri()[33m;[39m
     [90m  9 |[39m   [36mawait[39m mongoose[33m.[39mconnect(uri)[33m;[39m
     [90m 10 |[39m })[33m;[39m[0m

      at node_modules/mongodb-memory-server-core/src/MongoMemoryServer.ts:359:17
      at MongoMemoryServer.start (node_modules/mongodb-memory-server-core/src/MongoMemoryServer.ts:350:5)
      at Function.create (node_modules/mongodb-memory-server-core/src/MongoMemoryServer.ts:317:5)
      at Object.<anonymous> (tests/setup.js:7:11)

FAIL tests/project.test.js
  Project API
    POST /api/project
      × should create a new project (1 ms)
      × should fail if client does not exist

  ● Project API › POST /api/project › should create a new project

    MD5 check failed! Binary MD5 is "81235ec580eb045c1a4da48facdead88", Checkfile MD5 is 
"6a3bced8be85ff5f061cf8598381d34b"

    [0m [90m  5 |[39m
     [90m  6 |[39m beforeAll([36masync[39m () [33m=>[39m {
    [31m[1m>[22m[39m[90m  7 |[39m   mongo [33m=[39m [36mawait[39m 
[33mMongoMemoryServer[39m[33m.[39mcreate()[33m;[39m
     [90m    |[39m           [31m[1m^[22m[39m
     [90m  8 |[39m   [36mconst[39m uri [33m=[39m mongo[33m.[39mgetUri()[33m;[39m
     [90m  9 |[39m   [36mawait[39m mongoose[33m.[39mconnect(uri)[33m;[39m
     [90m 10 |[39m })[33m;[39m[0m

      at MongoBinaryDownload.makeMD5check 
(node_modules/mongodb-memory-server-core/src/util/MongoBinaryDownload.ts:182:13)
      at MongoBinaryDownload.startDownload 
(node_modules/mongodb-memory-server-core/src/util/MongoBinaryDownload.ts:148:5)
      at MongoBinaryDownload.getMongodPath 
(node_modules/mongodb-memory-server-core/src/util/MongoBinaryDownload.ts:113:28)
      at Function.download (node_modules/mongodb-memory-server-core/src/util/MongoBinary.ts:47:49)
      at Function.getPath (node_modules/mongodb-memory-server-core/src/util/MongoBinary.ts:132:22)
      at MongoInstance.start (node_modules/mongodb-memory-server-core/src/util/MongoInstance.ts:366:22)
      at Function.create (node_modules/mongodb-memory-server-core/src/util/MongoInstance.ts:294:5)
      at MongoMemoryServer._startUpInstance (node_modules/mongodb-memory-server-core/src/MongoMemoryServer.ts:530:22)
      at MongoMemoryServer.start (node_modules/mongodb-memory-server-core/src/MongoMemoryServer.ts:350:5)
      at Function.create (node_modules/mongodb-memory-server-core/src/MongoMemoryServer.ts:317:5)
      at Object.<anonymous> (tests/setup.js:7:11)

  ● Project API › POST /api/project › should fail if client does not exist

    MD5 check failed! Binary MD5 is "81235ec580eb045c1a4da48facdead88", Checkfile MD5 is 
"6a3bced8be85ff5f061cf8598381d34b"

    [0m [90m  5 |[39m
     [90m  6 |[39m beforeAll([36masync[39m () [33m=>[39m {
    [31m[1m>[22m[39m[90m  7 |[39m   mongo [33m=[39m [36mawait[39m 
[33mMongoMemoryServer[39m[33m.[39mcreate()[33m;[39m
     [90m    |[39m           [31m[1m^[22m[39m
     [90m  8 |[39m   [36mconst[39m uri [33m=[39m mongo[33m.[39mgetUri()[33m;[39m
     [90m  9 |[39m   [36mawait[39m mongoose[33m.[39mconnect(uri)[33m;[39m
     [90m 10 |[39m })[33m;[39m[0m

      at MongoBinaryDownload.makeMD5check 
(node_modules/mongodb-memory-server-core/src/util/MongoBinaryDownload.ts:182:13)
      at MongoBinaryDownload.startDownload 
(node_modules/mongodb-memory-server-core/src/util/MongoBinaryDownload.ts:148:5)
      at MongoBinaryDownload.getMongodPath 
(node_modules/mongodb-memory-server-core/src/util/MongoBinaryDownload.ts:113:28)
      at Function.download (node_modules/mongodb-memory-server-core/src/util/MongoBinary.ts:47:49)
      at Function.getPath (node_modules/mongodb-memory-server-core/src/util/MongoBinary.ts:132:22)
      at MongoInstance.start (node_modules/mongodb-memory-server-core/src/util/MongoInstance.ts:366:22)
      at Function.create (node_modules/mongodb-memory-server-core/src/util/MongoInstance.ts:294:5)
      at MongoMemoryServer._startUpInstance (node_modules/mongodb-memory-server-core/src/MongoMemoryServer.ts:530:22)
      at MongoMemoryServer.start (node_modules/mongodb-memory-server-core/src/MongoMemoryServer.ts:350:5)
      at Function.create (node_modules/mongodb-memory-server-core/src/MongoMemoryServer.ts:317:5)
      at Object.<anonymous> (tests/setup.js:7:11)

  console.warn
    Starting the MongoMemoryServer Instance failed, enable debug log for more information. Error:
     Md5CheckFailedError: MD5 check failed! Binary MD5 is "81235ec580eb045c1a4da48facdead88", Checkfile MD5 is "6a3bced8be85ff5f061cf8598381d34b"
        at MongoBinaryDownload.makeMD5check (C:\Users\Dmitrii\Documents\Prog-Web-Server\final-proyecto\node_modules\mongodb-memory-server-core\src\util\MongoBinaryDownload.ts:182:13)
        at MongoBinaryDownload.startDownload (C:\Users\Dmitrii\Documents\Prog-Web-Server\final-proyecto\node_modules\mongodb-memory-server-core\src\util\MongoBinaryDownload.ts:148:5)
        at MongoBinaryDownload.getMongodPath (C:\Users\Dmitrii\Documents\Prog-Web-Server\final-proyecto\node_modules\mongodb-memory-server-core\src\util\MongoBinaryDownload.ts:113:28)
        at Function.download (C:\Users\Dmitrii\Documents\Prog-Web-Server\final-proyecto\node_modules\mongodb-memory-server-core\src\util\MongoBinary.ts:47:49)
        at Function.getPath (C:\Users\Dmitrii\Documents\Prog-Web-Server\final-proyecto\node_modules\mongodb-memory-server-core\src\util\MongoBinary.ts:132:22)
        at MongoInstance.start (C:\Users\Dmitrii\Documents\Prog-Web-Server\final-proyecto\node_modules\mongodb-memory-server-core\src\util\MongoInstance.ts:366:22)
        at Function.create (C:\Users\Dmitrii\Documents\Prog-Web-Server\final-proyecto\node_modules\mongodb-memory-server-core\src\util\MongoInstance.ts:294:5)
        at MongoMemoryServer._startUpInstance (C:\Users\Dmitrii\Documents\Prog-Web-Server\final-proyecto\node_modules\mongodb-memory-server-core\src\MongoMemoryServer.ts:530:22)
        at MongoMemoryServer.start (C:\Users\Dmitrii\Documents\Prog-Web-Server\final-proyecto\node_modules\mongodb-memory-server-core\src\MongoMemoryServer.ts:350:5)
        at Function.create (C:\Users\Dmitrii\Documents\Prog-Web-Server\final-proyecto\node_modules\mongodb-memory-server-core\src\MongoMemoryServer.ts:317:5)
        at Object.<anonymous> (C:\Users\Dmitrii\Documents\Prog-Web-Server\final-proyecto\tests\setup.js:7:11) {
      binarymd5: '81235ec580eb045c1a4da48facdead88',
      checkfilemd5: '6a3bced8be85ff5f061cf8598381d34b'
    }

    [0m [90m  5 |[39m
     [90m  6 |[39m beforeAll([36masync[39m () [33m=>[39m {
    [31m[1m>[22m[39m[90m  7 |[39m   mongo [33m=[39m [36mawait[39m [33mMongoMemoryServer[39m[33m.[39mcreate()[33m;[39m
     [90m    |[39m           [31m[1m^[22m[39m
     [90m  8 |[39m   [36mconst[39m uri [33m=[39m mongo[33m.[39mgetUri()[33m;[39m
     [90m  9 |[39m   [36mawait[39m mongoose[33m.[39mconnect(uri)[33m;[39m
     [90m 10 |[39m })[33m;[39m[0m

      at node_modules/mongodb-memory-server-core/src/MongoMemoryServer.ts:359:17
      at MongoMemoryServer.start (node_modules/mongodb-memory-server-core/src/MongoMemoryServer.ts:350:5)
      at Function.create (node_modules/mongodb-memory-server-core/src/MongoMemoryServer.ts:317:5)
      at Object.<anonymous> (tests/setup.js:7:11)

FAIL tests/client.test.js
  Client API
    POST /api/client
      × should create a new client
      × should not allow duplicate CIF in same company
    GET /api/client
      × should return a list of clients

  ● Client API › POST /api/client › should create a new client

    MD5 check failed! Binary MD5 is "81235ec580eb045c1a4da48facdead88", Checkfile MD5 is 
"6a3bced8be85ff5f061cf8598381d34b"

    [0m [90m  5 |[39m
     [90m  6 |[39m beforeAll([36masync[39m () [33m=>[39m {
    [31m[1m>[22m[39m[90m  7 |[39m   mongo [33m=[39m [36mawait[39m 
[33mMongoMemoryServer[39m[33m.[39mcreate()[33m;[39m
     [90m    |[39m           [31m[1m^[22m[39m
     [90m  8 |[39m   [36mconst[39m uri [33m=[39m mongo[33m.[39mgetUri()[33m;[39m
     [90m  9 |[39m   [36mawait[39m mongoose[33m.[39mconnect(uri)[33m;[39m
     [90m 10 |[39m })[33m;[39m[0m

      at MongoBinaryDownload.makeMD5check 
(node_modules/mongodb-memory-server-core/src/util/MongoBinaryDownload.ts:182:13)
      at MongoBinaryDownload.startDownload 
(node_modules/mongodb-memory-server-core/src/util/MongoBinaryDownload.ts:148:5)
      at MongoBinaryDownload.getMongodPath 
(node_modules/mongodb-memory-server-core/src/util/MongoBinaryDownload.ts:113:28)
      at Function.download (node_modules/mongodb-memory-server-core/src/util/MongoBinary.ts:47:49)
      at Function.getPath (node_modules/mongodb-memory-server-core/src/util/MongoBinary.ts:132:22)
      at MongoInstance.start (node_modules/mongodb-memory-server-core/src/util/MongoInstance.ts:366:22)
      at Function.create (node_modules/mongodb-memory-server-core/src/util/MongoInstance.ts:294:5)
      at MongoMemoryServer._startUpInstance (node_modules/mongodb-memory-server-core/src/MongoMemoryServer.ts:530:22)
      at MongoMemoryServer.start (node_modules/mongodb-memory-server-core/src/MongoMemoryServer.ts:350:5)
      at Function.create (node_modules/mongodb-memory-server-core/src/MongoMemoryServer.ts:317:5)
      at Object.<anonymous> (tests/setup.js:7:11)

  ● Client API › POST /api/client › should not allow duplicate CIF in same company

    MD5 check failed! Binary MD5 is "81235ec580eb045c1a4da48facdead88", Checkfile MD5 is 
"6a3bced8be85ff5f061cf8598381d34b"

    [0m [90m  5 |[39m
     [90m  6 |[39m beforeAll([36masync[39m () [33m=>[39m {
    [31m[1m>[22m[39m[90m  7 |[39m   mongo [33m=[39m [36mawait[39m 
[33mMongoMemoryServer[39m[33m.[39mcreate()[33m;[39m
     [90m    |[39m           [31m[1m^[22m[39m
     [90m  8 |[39m   [36mconst[39m uri [33m=[39m mongo[33m.[39mgetUri()[33m;[39m
     [90m  9 |[39m   [36mawait[39m mongoose[33m.[39mconnect(uri)[33m;[39m
     [90m 10 |[39m })[33m;[39m[0m

      at MongoBinaryDownload.makeMD5check 
(node_modules/mongodb-memory-server-core/src/util/MongoBinaryDownload.ts:182:13)
      at MongoBinaryDownload.startDownload 
(node_modules/mongodb-memory-server-core/src/util/MongoBinaryDownload.ts:148:5)
      at MongoBinaryDownload.getMongodPath 
(node_modules/mongodb-memory-server-core/src/util/MongoBinaryDownload.ts:113:28)
      at Function.download (node_modules/mongodb-memory-server-core/src/util/MongoBinary.ts:47:49)
      at Function.getPath (node_modules/mongodb-memory-server-core/src/util/MongoBinary.ts:132:22)
      at MongoInstance.start (node_modules/mongodb-memory-server-core/src/util/MongoInstance.ts:366:22)
      at Function.create (node_modules/mongodb-memory-server-core/src/util/MongoInstance.ts:294:5)
      at MongoMemoryServer._startUpInstance (node_modules/mongodb-memory-server-core/src/MongoMemoryServer.ts:530:22)
      at MongoMemoryServer.start (node_modules/mongodb-memory-server-core/src/MongoMemoryServer.ts:350:5)
      at Function.create (node_modules/mongodb-memory-server-core/src/MongoMemoryServer.ts:317:5)
      at Object.<anonymous> (tests/setup.js:7:11)

  ● Client API › GET /api/client › should return a list of clients

    MD5 check failed! Binary MD5 is "81235ec580eb045c1a4da48facdead88", Checkfile MD5 is 
"6a3bced8be85ff5f061cf8598381d34b"

    [0m [90m  5 |[39m
     [90m  6 |[39m beforeAll([36masync[39m () [33m=>[39m {
    [31m[1m>[22m[39m[90m  7 |[39m   mongo [33m=[39m [36mawait[39m 
[33mMongoMemoryServer[39m[33m.[39mcreate()[33m;[39m
     [90m    |[39m           [31m[1m^[22m[39m
     [90m  8 |[39m   [36mconst[39m uri [33m=[39m mongo[33m.[39mgetUri()[33m;[39m
     [90m  9 |[39m   [36mawait[39m mongoose[33m.[39mconnect(uri)[33m;[39m
     [90m 10 |[39m })[33m;[39m[0m

      at MongoBinaryDownload.makeMD5check 
(node_modules/mongodb-memory-server-core/src/util/MongoBinaryDownload.ts:182:13)
      at MongoBinaryDownload.startDownload 
(node_modules/mongodb-memory-server-core/src/util/MongoBinaryDownload.ts:148:5)
      at MongoBinaryDownload.getMongodPath 
(node_modules/mongodb-memory-server-core/src/util/MongoBinaryDownload.ts:113:28)
      at Function.download (node_modules/mongodb-memory-server-core/src/util/MongoBinary.ts:47:49)
      at Function.getPath (node_modules/mongodb-memory-server-core/src/util/MongoBinary.ts:132:22)
      at MongoInstance.start (node_modules/mongodb-memory-server-core/src/util/MongoInstance.ts:366:22)
      at Function.create (node_modules/mongodb-memory-server-core/src/util/MongoInstance.ts:294:5)
      at MongoMemoryServer._startUpInstance (node_modules/mongodb-memory-server-core/src/MongoMemoryServer.ts:530:22)
      at MongoMemoryServer.start (node_modules/mongodb-memory-server-core/src/MongoMemoryServer.ts:350:5)
      at Function.create (node_modules/mongodb-memory-server-core/src/MongoMemoryServer.ts:317:5)
      at Object.<anonymous> (tests/setup.js:7:11)

Test Suites: 2 failed, 2 total
Tests:       5 failed, 5 total
Snapshots:   0 total
Time:        4.667 s
Ran all test suites.
